Archive member included because of file (symbol)

c:/winavr-20100110/bin/../lib/gcc/avr/4.3.3/avr5\libgcc.a(_mulsi3.o)
                              ./HAL/LM35_INTERACE.o (__mulsi3)
c:/winavr-20100110/bin/../lib/gcc/avr/4.3.3/avr5\libgcc.a(_udivmodqi4.o)
                              ./HAL/RTC_INTERFACE.o (__udivmodqi4)
c:/winavr-20100110/bin/../lib/gcc/avr/4.3.3/avr5\libgcc.a(_udivmodhi4.o)
                              ./MCAL/Timer_INTERFACE.o (__udivmodhi4)
c:/winavr-20100110/bin/../lib/gcc/avr/4.3.3/avr5\libgcc.a(_divmodhi4.o)
                              ./MCAL/Timer_INTERFACE.o (__divmodhi4)
c:/winavr-20100110/bin/../lib/gcc/avr/4.3.3/avr5\libgcc.a(_udivmodsi4.o)
                              ./MCAL/Uart_INTERFACE.o (__udivmodsi4)
c:/winavr-20100110/bin/../lib/gcc/avr/4.3.3/avr5\libgcc.a(_divmodsi4.o)
                              ./HAL/Ultrasonic.o (__divmodsi4)
c:/winavr-20100110/bin/../lib/gcc/avr/4.3.3/avr5\libgcc.a(_exit.o)
                              c:/winavr-20100110/bin/../lib/gcc/avr/4.3.3/../../../../avr/lib/avr5/crtm32.o (exit)
c:/winavr-20100110/bin/../lib/gcc/avr/4.3.3/avr5\libgcc.a(_copy_data.o)
                              ./HAL/FingerPrint_Interface.o (__do_copy_data)
c:/winavr-20100110/bin/../lib/gcc/avr/4.3.3/avr5\libgcc.a(_clear_bss.o)
                              ./MCAL/ADC_INTERFACE.o (__do_clear_bss)
c:/winavr-20100110/bin/../lib/gcc/avr/4.3.3/avr5\libgcc.a(_fixunssfsi.o)
                              ./HAL/Button.o (__fixunssfsi)
c:/winavr-20100110/bin/../lib/gcc/avr/4.3.3/avr5\libgcc.a(_addsub_sf.o)
                              c:/winavr-20100110/bin/../lib/gcc/avr/4.3.3/avr5\libgcc.a(_fixunssfsi.o) (__subsf3)
c:/winavr-20100110/bin/../lib/gcc/avr/4.3.3/avr5\libgcc.a(_mul_sf.o)
                              ./HAL/Button.o (__mulsf3)
c:/winavr-20100110/bin/../lib/gcc/avr/4.3.3/avr5\libgcc.a(_div_sf.o)
                              ./HAL/LM35_INTERACE.o (__divsf3)
c:/winavr-20100110/bin/../lib/gcc/avr/4.3.3/avr5\libgcc.a(_gt_sf.o)
                              ./HAL/Button.o (__gtsf2)
c:/winavr-20100110/bin/../lib/gcc/avr/4.3.3/avr5\libgcc.a(_ge_sf.o)
                              c:/winavr-20100110/bin/../lib/gcc/avr/4.3.3/avr5\libgcc.a(_fixunssfsi.o) (__gesf2)
c:/winavr-20100110/bin/../lib/gcc/avr/4.3.3/avr5\libgcc.a(_lt_sf.o)
                              ./HAL/Button.o (__ltsf2)
c:/winavr-20100110/bin/../lib/gcc/avr/4.3.3/avr5\libgcc.a(_sf_to_si.o)
                              c:/winavr-20100110/bin/../lib/gcc/avr/4.3.3/avr5\libgcc.a(_fixunssfsi.o) (__fixsfsi)
c:/winavr-20100110/bin/../lib/gcc/avr/4.3.3/avr5\libgcc.a(_thenan_sf.o)
                              c:/winavr-20100110/bin/../lib/gcc/avr/4.3.3/avr5\libgcc.a(_addsub_sf.o) (__thenan_sf)
c:/winavr-20100110/bin/../lib/gcc/avr/4.3.3/avr5\libgcc.a(_usi_to_sf.o)
                              ./HAL/LM35_INTERACE.o (__floatunsisf)
c:/winavr-20100110/bin/../lib/gcc/avr/4.3.3/avr5\libgcc.a(_prologue.o)
                              c:/winavr-20100110/bin/../lib/gcc/avr/4.3.3/avr5\libgcc.a(_addsub_sf.o) (__prologue_saves__)
c:/winavr-20100110/bin/../lib/gcc/avr/4.3.3/avr5\libgcc.a(_epilogue.o)
                              c:/winavr-20100110/bin/../lib/gcc/avr/4.3.3/avr5\libgcc.a(_addsub_sf.o) (__epilogue_restores__)
c:/winavr-20100110/bin/../lib/gcc/avr/4.3.3/avr5\libgcc.a(_clzsi2.o)
                              c:/winavr-20100110/bin/../lib/gcc/avr/4.3.3/avr5\libgcc.a(_usi_to_sf.o) (__clzsi2)
c:/winavr-20100110/bin/../lib/gcc/avr/4.3.3/avr5\libgcc.a(_pack_sf.o)
                              c:/winavr-20100110/bin/../lib/gcc/avr/4.3.3/avr5\libgcc.a(_addsub_sf.o) (__pack_f)
c:/winavr-20100110/bin/../lib/gcc/avr/4.3.3/avr5\libgcc.a(_unpack_sf.o)
                              c:/winavr-20100110/bin/../lib/gcc/avr/4.3.3/avr5\libgcc.a(_addsub_sf.o) (__unpack_f)
c:/winavr-20100110/bin/../lib/gcc/avr/4.3.3/avr5\libgcc.a(_fpcmp_parts_sf.o)
                              c:/winavr-20100110/bin/../lib/gcc/avr/4.3.3/avr5\libgcc.a(_gt_sf.o) (__fpcmp_parts_f)
c:/winavr-20100110/bin/../lib/gcc/avr/4.3.3/avr5\libgcc.a(_clz.o)
                              c:/winavr-20100110/bin/../lib/gcc/avr/4.3.3/avr5\libgcc.a(_clzsi2.o) (__clz_tab)
c:/winavr-20100110/bin/../lib/gcc/avr/4.3.3/../../../../avr/lib/avr5\libc.a(itoa.o)
                              ./HAL/Lcd.o (itoa)
c:/winavr-20100110/bin/../lib/gcc/avr/4.3.3/../../../../avr/lib/avr5\libc.a(strrev.o)
                              c:/winavr-20100110/bin/../lib/gcc/avr/4.3.3/../../../../avr/lib/avr5\libc.a(itoa.o) (strrev)

Allocating common symbols
Common symbol       size              file

adc_ptr             0x2               ./MCAL/ADC_INTERFACE.o
date_res            0x5               ./HAL/RTC_INTERFACE.o
Frame_Received      0x3c              ./HAL/FingerPrint_Interface.o
g_EXT_INT_POINTERS  0x6               ./MCAL/EXTI_INTERACE.o

Memory Configuration

Name             Origin             Length             Attributes
text             0x00000000         0x00020000         xr
data             0x00800060         0x0000ffa0         rw !x
eeprom           0x00810000         0x00010000         rw !x
fuse             0x00820000         0x00000400         rw !x
lock             0x00830000         0x00000400         rw !x
signature        0x00840000         0x00000400         rw !x
*default*        0x00000000         0xffffffff

Linker script and memory map

LOAD c:/winavr-20100110/bin/../lib/gcc/avr/4.3.3/../../../../avr/lib/avr5/crtm32.o
LOAD ./MCAL/ADC_INTERFACE.o
LOAD ./MCAL/Dio_INTERFACE.o
LOAD ./MCAL/EXTI_INTERACE.o
LOAD ./MCAL/GIC.o
LOAD ./MCAL/Spi_Interface.o
LOAD ./MCAL/TWI_INTERFACE.o
LOAD ./MCAL/Timer1_INTERFACE.o
LOAD ./MCAL/Timer_INTERFACE.o
LOAD ./MCAL/Uart_INTERFACE.o
LOAD ./MCAL/WDT_Interface.o
LOAD ./HAL/Button.o
LOAD ./HAL/Dc_motor.o
LOAD ./HAL/FingerPrint_Interface.o
LOAD ./HAL/Keypad.o
LOAD ./HAL/LED_INTERFACING.o
LOAD ./HAL/LM35_INTERACE.o
LOAD ./HAL/Lcd.o
LOAD ./HAL/RTC_INTERFACE.o
LOAD ./HAL/Seven_Segment_INTERFACE.o
LOAD ./HAL/Ultrasonic.o
LOAD ./HAL/eeprom_INTERFACE.o
LOAD ./ADC_PROJECT.o
LOAD ./Duty_Config.o
LOAD ./Login_System.o
LOAD ./OS.o
LOAD c:/winavr-20100110/bin/../lib/gcc/avr/4.3.3/avr5\libgcc.a
LOAD c:/winavr-20100110/bin/../lib/gcc/avr/4.3.3/../../../../avr/lib/avr5\libc.a
LOAD c:/winavr-20100110/bin/../lib/gcc/avr/4.3.3/avr5\libgcc.a

.hash
 *(.hash)

.dynsym
 *(.dynsym)

.dynstr
 *(.dynstr)

.gnu.version
 *(.gnu.version)

.gnu.version_d
 *(.gnu.version_d)

.gnu.version_r
 *(.gnu.version_r)

.rel.init
 *(.rel.init)

.rela.init
 *(.rela.init)

.rel.text
 *(.rel.text)
 *(.rel.text.*)
 *(.rel.gnu.linkonce.t*)

.rela.text
 *(.rela.text)
 *(.rela.text.*)
 *(.rela.gnu.linkonce.t*)

.rel.fini
 *(.rel.fini)

.rela.fini
 *(.rela.fini)

.rel.rodata
 *(.rel.rodata)
 *(.rel.rodata.*)
 *(.rel.gnu.linkonce.r*)

.rela.rodata
 *(.rela.rodata)
 *(.rela.rodata.*)
 *(.rela.gnu.linkonce.r*)

.rel.data
 *(.rel.data)
 *(.rel.data.*)
 *(.rel.gnu.linkonce.d*)

.rela.data
 *(.rela.data)
 *(.rela.data.*)
 *(.rela.gnu.linkonce.d*)

.rel.ctors
 *(.rel.ctors)

.rela.ctors
 *(.rela.ctors)

.rel.dtors
 *(.rel.dtors)

.rela.dtors
 *(.rela.dtors)

.rel.got
 *(.rel.got)

.rela.got
 *(.rela.got)

.rel.bss
 *(.rel.bss)

.rela.bss
 *(.rela.bss)

.rel.plt
 *(.rel.plt)

.rela.plt
 *(.rela.plt)

.text           0x00000000     0x7c12
 *(.vectors)
 .vectors       0x00000000       0x54 c:/winavr-20100110/bin/../lib/gcc/avr/4.3.3/../../../../avr/lib/avr5/crtm32.o
                0x00000000                __vectors
                0x00000000                __vector_default
 *(.vectors)
 *(.progmem.gcc*)
 *(.progmem*)
                0x00000054                . = ALIGN (0x2)
                0x00000054                __trampolines_start = .
 *(.trampolines)
 .trampolines   0x00000054        0x0 linker stubs
 *(.trampolines*)
                0x00000054                __trampolines_end = .
 *(.jumptables)
 *(.jumptables*)
 *(.lowtext)
 *(.lowtext*)
                0x00000054                __ctors_start = .
 *(.ctors)
                0x00000054                __ctors_end = .
                0x00000054                __dtors_start = .
 *(.dtors)
                0x00000054                __dtors_end = .
 SORT(*)(.ctors)
 SORT(*)(.dtors)
 *(.init0)
 .init0         0x00000054        0x0 c:/winavr-20100110/bin/../lib/gcc/avr/4.3.3/../../../../avr/lib/avr5/crtm32.o
                0x00000054                __init
 *(.init0)
 *(.init1)
 *(.init1)
 *(.init2)
 .init2         0x00000054        0xc c:/winavr-20100110/bin/../lib/gcc/avr/4.3.3/../../../../avr/lib/avr5/crtm32.o
 *(.init2)
 *(.init3)
 *(.init3)
 *(.init4)
 .init4         0x00000060       0x16 c:/winavr-20100110/bin/../lib/gcc/avr/4.3.3/avr5\libgcc.a(_copy_data.o)
                0x00000060                __do_copy_data
 .init4         0x00000076       0x10 c:/winavr-20100110/bin/../lib/gcc/avr/4.3.3/avr5\libgcc.a(_clear_bss.o)
                0x00000076                __do_clear_bss
 *(.init4)
 *(.init5)
 *(.init5)
 *(.init6)
 *(.init6)
 *(.init7)
 *(.init7)
 *(.init8)
 *(.init8)
 *(.init9)
 .init9         0x00000086        0x8 c:/winavr-20100110/bin/../lib/gcc/avr/4.3.3/../../../../avr/lib/avr5/crtm32.o
 *(.init9)
 *(.text)
 .text          0x0000008e        0x4 c:/winavr-20100110/bin/../lib/gcc/avr/4.3.3/../../../../avr/lib/avr5/crtm32.o
                0x0000008e                __bad_interrupt
                0x0000008e                __vector_17
                0x0000008e                __vector_19
                0x0000008e                __vector_7
                0x0000008e                __vector_5
                0x0000008e                __vector_4
                0x0000008e                __vector_9
                0x0000008e                __vector_15
                0x0000008e                __vector_8
                0x0000008e                __vector_14
                0x0000008e                __vector_18
                0x0000008e                __vector_20
 .text          0x00000092        0x0 ./MCAL/ADC_INTERFACE.o
 .text          0x00000092        0x0 ./MCAL/Dio_INTERFACE.o
 .text          0x00000092        0x0 ./MCAL/EXTI_INTERACE.o
 .text          0x00000092        0x0 ./MCAL/GIC.o
 .text          0x00000092        0x0 ./MCAL/Spi_Interface.o
 .text          0x00000092        0x0 ./MCAL/TWI_INTERFACE.o
 .text          0x00000092        0x0 ./MCAL/Timer1_INTERFACE.o
 .text          0x00000092        0x0 ./MCAL/Timer_INTERFACE.o
 .text          0x00000092        0x0 ./MCAL/Uart_INTERFACE.o
 .text          0x00000092        0x0 ./MCAL/WDT_Interface.o
 .text          0x00000092        0x0 ./HAL/Button.o
 .text          0x00000092        0x0 ./HAL/Dc_motor.o
 .text          0x00000092        0x0 ./HAL/FingerPrint_Interface.o
 .text          0x00000092        0x0 ./HAL/Keypad.o
 .text          0x00000092        0x0 ./HAL/LED_INTERFACING.o
 .text          0x00000092        0x0 ./HAL/LM35_INTERACE.o
 .text          0x00000092        0x0 ./HAL/Lcd.o
 .text          0x00000092        0x0 ./HAL/RTC_INTERFACE.o
 .text          0x00000092        0x0 ./HAL/Seven_Segment_INTERFACE.o
 .text          0x00000092        0x0 ./HAL/Ultrasonic.o
 .text          0x00000092        0x0 ./HAL/eeprom_INTERFACE.o
 .text          0x00000092        0x0 ./ADC_PROJECT.o
 .text          0x00000092        0x0 ./Duty_Config.o
 .text          0x00000092        0x0 ./Login_System.o
 .text          0x00000092        0x0 ./OS.o
 .text          0x00000092        0x0 c:/winavr-20100110/bin/../lib/gcc/avr/4.3.3/avr5\libgcc.a(_mulsi3.o)
 .text          0x00000092        0x0 c:/winavr-20100110/bin/../lib/gcc/avr/4.3.3/avr5\libgcc.a(_udivmodqi4.o)
 .text          0x00000092        0x0 c:/winavr-20100110/bin/../lib/gcc/avr/4.3.3/avr5\libgcc.a(_udivmodhi4.o)
 .text          0x00000092        0x0 c:/winavr-20100110/bin/../lib/gcc/avr/4.3.3/avr5\libgcc.a(_divmodhi4.o)
 .text          0x00000092        0x0 c:/winavr-20100110/bin/../lib/gcc/avr/4.3.3/avr5\libgcc.a(_udivmodsi4.o)
 .text          0x00000092        0x0 c:/winavr-20100110/bin/../lib/gcc/avr/4.3.3/avr5\libgcc.a(_divmodsi4.o)
 .text          0x00000092        0x0 c:/winavr-20100110/bin/../lib/gcc/avr/4.3.3/avr5\libgcc.a(_exit.o)
 .text          0x00000092        0x0 c:/winavr-20100110/bin/../lib/gcc/avr/4.3.3/avr5\libgcc.a(_copy_data.o)
 .text          0x00000092        0x0 c:/winavr-20100110/bin/../lib/gcc/avr/4.3.3/avr5\libgcc.a(_clear_bss.o)
 .text          0x00000092       0x58 c:/winavr-20100110/bin/../lib/gcc/avr/4.3.3/avr5\libgcc.a(_fixunssfsi.o)
                0x00000092                __fixunssfsi
 .text          0x000000ea      0x354 c:/winavr-20100110/bin/../lib/gcc/avr/4.3.3/avr5\libgcc.a(_addsub_sf.o)
                0x00000382                __subsf3
                0x000003e4                __addsf3
 .text          0x0000043e      0x1f4 c:/winavr-20100110/bin/../lib/gcc/avr/4.3.3/avr5\libgcc.a(_mul_sf.o)
                0x0000043e                __mulsf3
 .text          0x00000632      0x158 c:/winavr-20100110/bin/../lib/gcc/avr/4.3.3/avr5\libgcc.a(_div_sf.o)
                0x00000632                __divsf3
 .text          0x0000078a       0x60 c:/winavr-20100110/bin/../lib/gcc/avr/4.3.3/avr5\libgcc.a(_gt_sf.o)
                0x0000078a                __gtsf2
 .text          0x000007ea       0x60 c:/winavr-20100110/bin/../lib/gcc/avr/4.3.3/avr5\libgcc.a(_ge_sf.o)
                0x000007ea                __gesf2
 .text          0x0000084a       0x60 c:/winavr-20100110/bin/../lib/gcc/avr/4.3.3/avr5\libgcc.a(_lt_sf.o)
                0x0000084a                __ltsf2
 .text          0x000008aa       0xa8 c:/winavr-20100110/bin/../lib/gcc/avr/4.3.3/avr5\libgcc.a(_sf_to_si.o)
                0x000008aa                __fixsfsi
 .text          0x00000952        0x0 c:/winavr-20100110/bin/../lib/gcc/avr/4.3.3/avr5\libgcc.a(_thenan_sf.o)
 .text          0x00000952       0xf2 c:/winavr-20100110/bin/../lib/gcc/avr/4.3.3/avr5\libgcc.a(_usi_to_sf.o)
                0x00000952                __floatunsisf
 .text          0x00000a44        0x0 c:/winavr-20100110/bin/../lib/gcc/avr/4.3.3/avr5\libgcc.a(_prologue.o)
 .text          0x00000a44        0x0 c:/winavr-20100110/bin/../lib/gcc/avr/4.3.3/avr5\libgcc.a(_epilogue.o)
 .text          0x00000a44       0x9e c:/winavr-20100110/bin/../lib/gcc/avr/4.3.3/avr5\libgcc.a(_clzsi2.o)
                0x00000a44                __clzsi2
 .text          0x00000ae2      0x1aa c:/winavr-20100110/bin/../lib/gcc/avr/4.3.3/avr5\libgcc.a(_pack_sf.o)
                0x00000ae2                __pack_f
 .text          0x00000c8c       0xf0 c:/winavr-20100110/bin/../lib/gcc/avr/4.3.3/avr5\libgcc.a(_unpack_sf.o)
                0x00000c8c                __unpack_f
 .text          0x00000d7c       0xb2 c:/winavr-20100110/bin/../lib/gcc/avr/4.3.3/avr5\libgcc.a(_fpcmp_parts_sf.o)
                0x00000d7c                __fpcmp_parts_f
 .text          0x00000e2e        0x0 c:/winavr-20100110/bin/../lib/gcc/avr/4.3.3/avr5\libgcc.a(_clz.o)
 .text          0x00000e2e        0x0 c:/winavr-20100110/bin/../lib/gcc/avr/4.3.3/../../../../avr/lib/avr5\libc.a(itoa.o)
 .text          0x00000e2e        0x0 c:/winavr-20100110/bin/../lib/gcc/avr/4.3.3/../../../../avr/lib/avr5\libc.a(strrev.o)
                0x00000e2e                . = ALIGN (0x2)
 *(.text.*)
 .text.__vector_16
                0x00000e2e       0x72 ./MCAL/ADC_INTERFACE.o
                0x00000e2e                __vector_16
 .text.ADC_init
                0x00000ea0      0x11e ./MCAL/ADC_INTERFACE.o
                0x00000ea0                ADC_init
 .text.ADC_getDigitalValueSynchNonBlocking
                0x00000fbe       0x68 ./MCAL/ADC_INTERFACE.o
                0x00000fbe                ADC_getDigitalValueSynchNonBlocking
 .text.ADC_getDigitalValueAsynchCallBack
                0x00001026       0x70 ./MCAL/ADC_INTERFACE.o
                0x00001026                ADC_getDigitalValueAsynchCallBack
 .text.DIO_voidSetPinDirection
                0x00001096      0x168 ./MCAL/Dio_INTERFACE.o
                0x00001096                DIO_voidSetPinDirection
 .text.DIO_voidSetPinValue
                0x000011fe      0x168 ./MCAL/Dio_INTERFACE.o
                0x000011fe                DIO_voidSetPinValue
 .text.DIO_voidGetPinValue
                0x00001366      0x112 ./MCAL/Dio_INTERFACE.o
                0x00001366                DIO_voidGetPinValue
 .text.DIO_voidSetPortDirection
                0x00001478       0x26 ./MCAL/Dio_INTERFACE.o
                0x00001478                DIO_voidSetPortDirection
 .text.DIO_voidSetPortValue
                0x0000149e       0x26 ./MCAL/Dio_INTERFACE.o
                0x0000149e                DIO_voidSetPortValue
 .text.DIO_voidGetPortValue
                0x000014c4       0x1e ./MCAL/Dio_INTERFACE.o
                0x000014c4                DIO_voidGetPortValue
 .text.MCAL_EXTI_INIT
                0x000014e2      0x160 ./MCAL/EXTI_INTERACE.o
                0x000014e2                MCAL_EXTI_INIT
 .text.MCAL_EXTI_DeInit
                0x00001642       0xf6 ./MCAL/EXTI_INTERACE.o
                0x00001642                MCAL_EXTI_DeInit
 .text.__vector_1
                0x00001738       0x6a ./MCAL/EXTI_INTERACE.o
                0x00001738                __vector_1
 .text.__vector_2
                0x000017a2       0x6a ./MCAL/EXTI_INTERACE.o
                0x000017a2                __vector_2
 .text.__vector_3
                0x0000180c       0x6a ./MCAL/EXTI_INTERACE.o
                0x0000180c                __vector_3
 .text.ENABLE_GIE
                0x00001876       0x1c ./MCAL/GIC.o
                0x00001876                ENABLE_GIE
 .text.DISABLE_GIE
                0x00001892       0x1c ./MCAL/GIC.o
                0x00001892                DISABLE_GIE
 .text.__vector_12
                0x000018ae       0x62 ./MCAL/Spi_Interface.o
                0x000018ae                __vector_12
 .text.MCAL_SPI_Init
                0x00001910       0xde ./MCAL/Spi_Interface.o
                0x00001910                MCAL_SPI_Init
 .text.MCAL_SPI_Transfer
                0x000019ee       0x3c ./MCAL/Spi_Interface.o
                0x000019ee                MCAL_SPI_Transfer
 .text.AsynchSetCallBack
                0x00001a2a       0x32 ./MCAL/Spi_Interface.o
                0x00001a2a                AsynchSetCallBack
 .text.TWI_init
                0x00001a5c       0x48 ./MCAL/TWI_INTERFACE.o
                0x00001a5c                TWI_init
 .text.TWI_start
                0x00001aa4       0x20 ./MCAL/TWI_INTERFACE.o
                0x00001aa4                TWI_start
 .text.TWI_stop
                0x00001ac4       0x16 ./MCAL/TWI_INTERFACE.o
                0x00001ac4                TWI_stop
 .text.TWI_writeByte
                0x00001ada       0x2e ./MCAL/TWI_INTERFACE.o
                0x00001ada                TWI_writeByte
 .text.TWI_readByteWithACK
                0x00001b08       0x36 ./MCAL/TWI_INTERFACE.o
                0x00001b08                TWI_readByteWithACK
 .text.TWI_readByteWithNACK
                0x00001b3e       0x36 ./MCAL/TWI_INTERFACE.o
                0x00001b3e                TWI_readByteWithNACK
 .text.TWI_getStatus
                0x00001b74       0x1e ./MCAL/TWI_INTERFACE.o
                0x00001b74                TWI_getStatus
 .text.__vector_6
                0x00001b92       0x76 ./MCAL/Timer1_INTERFACE.o
                0x00001b92                __vector_6
 .text.MCAL_Timer1_Init
                0x00001c08      0x542 ./MCAL/Timer1_INTERFACE.o
                0x00001c08                MCAL_Timer1_Init
 .text.MCAL_Timer1_EnableInt
                0x0000214a       0xe8 ./MCAL/Timer1_INTERFACE.o
                0x0000214a                MCAL_Timer1_EnableInt
 .text.MCAL_Timer1_setCallBack
                0x00002232       0x24 ./MCAL/Timer1_INTERFACE.o
                0x00002232                MCAL_Timer1_setCallBack
 .text.MCAL_Timer1_ICU_Init
                0x00002256       0x90 ./MCAL/Timer1_INTERFACE.o
                0x00002256                MCAL_Timer1_ICU_Init
 .text.MCAL_Timer1_ICU_setCallBack
                0x000022e6       0x24 ./MCAL/Timer1_INTERFACE.o
                0x000022e6                MCAL_Timer1_ICU_setCallBack
 .text.MCAL_Timer1_ICU_setEdgeDetectionType
                0x0000230a       0x48 ./MCAL/Timer1_INTERFACE.o
                0x0000230a                MCAL_Timer1_ICU_setEdgeDetectionType
 .text.MCAL_Timer1_ICU_getInputCaptureValue
                0x00002352       0x16 ./MCAL/Timer1_INTERFACE.o
                0x00002352                MCAL_Timer1_ICU_getInputCaptureValue
 .text.MCAL_Timer1_ICU_clearTimerValue
                0x00002368       0x16 ./MCAL/Timer1_INTERFACE.o
                0x00002368                MCAL_Timer1_ICU_clearTimerValue
 .text.MCAL_Timer1_ICU_DeInit
                0x0000237e       0x3c ./MCAL/Timer1_INTERFACE.o
                0x0000237e                MCAL_Timer1_ICU_DeInit
 .text.__vector_11
                0x000023ba       0x86 ./MCAL/Timer_INTERFACE.o
                0x000023ba                __vector_11
 .text.__vector_10
                0x00002440       0x86 ./MCAL/Timer_INTERFACE.o
                0x00002440                __vector_10
 .text.Timer_Init
                0x000024c6      0x204 ./MCAL/Timer_INTERFACE.o
                0x000024c6                Timer_Init
 .text.Timer_start
                0x000026ca       0x30 ./MCAL/Timer_INTERFACE.o
                0x000026ca                Timer_start
 .text.Timer_stop
                0x000026fa       0x20 ./MCAL/Timer_INTERFACE.o
                0x000026fa                Timer_stop
 .text.EnableInt
                0x0000271a       0x9c ./MCAL/Timer_INTERFACE.o
                0x0000271a                EnableInt
 .text.DisableInt
                0x000027b6       0x30 ./MCAL/Timer_INTERFACE.o
                0x000027b6                DisableInt
 .text.setFastPWM
                0x000027e6       0xdc ./MCAL/Timer_INTERFACE.o
                0x000027e6                setFastPWM
 .text.setphaseCorrectPWM
                0x000028c2       0x48 ./MCAL/Timer_INTERFACE.o
                0x000028c2                setphaseCorrectPWM
 .text.Timer_setDelayTimeMilliSec
                0x0000290a       0x8a ./MCAL/Timer_INTERFACE.o
                0x0000290a                Timer_setDelayTimeMilliSec
 .text.Timer0_setCallBack
                0x00002994       0x24 ./MCAL/Timer_INTERFACE.o
                0x00002994                Timer0_setCallBack
 .text.__vector_13
                0x000029b8       0x84 ./MCAL/Uart_INTERFACE.o
                0x000029b8                __vector_13
 .text.MCAL_UART_init
                0x00002a3c      0x12a ./MCAL/Uart_INTERFACE.o
                0x00002a3c                MCAL_UART_init
 .text.MCAL_UART_sendByte_Blocking
                0x00002b66       0x40 ./MCAL/Uart_INTERFACE.o
                0x00002b66                MCAL_UART_sendByte_Blocking
 .text.MCAL_UART_sendString_Blocking
                0x00002ba6       0x52 ./MCAL/Uart_INTERFACE.o
                0x00002ba6                MCAL_UART_sendString_Blocking
 .text.MCAL_UART_recieveByte_Blocking
                0x00002bf8       0x30 ./MCAL/Uart_INTERFACE.o
                0x00002bf8                MCAL_UART_recieveByte_Blocking
 .text.MCAL_UART_recieveByte_Non_Blocking
                0x00002c28       0x3e ./MCAL/Uart_INTERFACE.o
                0x00002c28                MCAL_UART_recieveByte_Non_Blocking
 .text.MCAL_UART_receiveString_Non_Block
                0x00002c66       0x86 ./MCAL/Uart_INTERFACE.o
                0x00002c66                MCAL_UART_receiveString_Non_Block
 .text.MCAL_UART_receiveString_Polling
                0x00002cec       0x86 ./MCAL/Uart_INTERFACE.o
                0x00002cec                MCAL_UART_receiveString_Polling
 .text.MCAL_UART_receiveByteAsynchCallBack
                0x00002d72       0x36 ./MCAL/Uart_INTERFACE.o
                0x00002d72                MCAL_UART_receiveByteAsynchCallBack
 .text.WDT_Enable
                0x00002da8       0x16 ./MCAL/WDT_Interface.o
                0x00002da8                WDT_Enable
 .text.WDT_Disable
                0x00002dbe       0x22 ./MCAL/WDT_Interface.o
                0x00002dbe                WDT_Disable
 .text.WDT_sleep
                0x00002de0       0x24 ./MCAL/WDT_Interface.o
                0x00002de0                WDT_sleep
 .text.WDT_refresh
                0x00002e04       0x10 ./MCAL/WDT_Interface.o
                0x00002e04                WDT_refresh
 .text.Button_Init
                0x00002e14       0x2a ./HAL/Button.o
                0x00002e14                Button_Init
 .text.Single_press
                0x00002e3e      0x156 ./HAL/Button.o
                0x00002e3e                Single_press
 .text.DcMotor_Init
                0x00002f94       0x3e ./HAL/Dc_motor.o
                0x00002f94                DcMotor_Init
 .text.DcMotor_Rotate
                0x00002fd2       0xd4 ./HAL/Dc_motor.o
                0x00002fd2                DcMotor_Rotate
 .text.FUNC_RX  0x000030a6       0x34 ./HAL/FingerPrint_Interface.o
 .text.FingerPS_Init
                0x000030da       0x20 ./HAL/FingerPrint_Interface.o
                0x000030da                FingerPS_Init
 .text.FingerPS_AuraLedControl
                0x000030fa       0xc6 ./HAL/FingerPrint_Interface.o
                0x000030fa                FingerPS_AuraLedControl
 .text.FingerPS_HandShake
                0x000031c0       0xa4 ./HAL/FingerPrint_Interface.o
                0x000031c0                FingerPS_HandShake
 .text.FingerPS_GenImage
                0x00003264       0xa4 ./HAL/FingerPrint_Interface.o
                0x00003264                FingerPS_GenImage
 .text.FingerPS_ConvertImageToCharFile
                0x00003308       0xb4 ./HAL/FingerPrint_Interface.o
                0x00003308                FingerPS_ConvertImageToCharFile
 .text.FingerPS_GenTemplate
                0x000033bc       0xa4 ./HAL/FingerPrint_Interface.o
                0x000033bc                FingerPS_GenTemplate
 .text.FingerPS_StrTemplate
                0x00003460       0xc8 ./HAL/FingerPrint_Interface.o
                0x00003460                FingerPS_StrTemplate
 .text.FingerPS_SearchFinger
                0x00003528       0xdc ./HAL/FingerPrint_Interface.o
                0x00003528                FingerPS_SearchFinger
 .text.FingerPS_DeleteFinger
                0x00003604       0xd6 ./HAL/FingerPrint_Interface.o
                0x00003604                FingerPS_DeleteFinger
 .text.FingerPS_EmptyLibrary
                0x000036da       0xa4 ./HAL/FingerPrint_Interface.o
                0x000036da                FingerPS_EmptyLibrary
 .text.FingerPS_CalculateCheckSum
                0x0000377e       0x86 ./HAL/FingerPrint_Interface.o
 .text.FingerPS_LoadCharFile
                0x00003804       0xb4 ./HAL/FingerPrint_Interface.o
                0x00003804                FingerPS_LoadCharFile
 .text.FingerPS_ReadTemplateFromFlash
                0x000038b8       0xc8 ./HAL/FingerPrint_Interface.o
                0x000038b8                FingerPS_ReadTemplateFromFlash
 .text.FingerPS_FingerPrintMatch
                0x00003980       0xa4 ./HAL/FingerPrint_Interface.o
                0x00003980                FingerPS_FingerPrintMatch
 .text.FingerPS_ReadProductInfo
                0x00003a24       0xa4 ./HAL/FingerPrint_Interface.o
                0x00003a24                FingerPS_ReadProductInfo
 .text.KEYPAD_INIT
                0x00003ac8       0x70 ./HAL/Keypad.o
                0x00003ac8                KEYPAD_INIT
 .text.KEYPAD_Get_Pressed_Key
                0x00003b38      0x21a ./HAL/Keypad.o
                0x00003b38                KEYPAD_Get_Pressed_Key
 .text.TURN_ON_OFF_LED
                0x00003d52       0x6a ./HAL/LED_INTERFACING.o
                0x00003d52                TURN_ON_OFF_LED
 .text.LM35_read_temperature
                0x00003dbc       0x8e ./HAL/LM35_INTERACE.o
                0x00003dbc                LM35_read_temperature
 .text.latchbyte
                0x00003e4a      0x644 ./HAL/Lcd.o
 .text.H_LCD_void_IniT
                0x0000448e      0x254 ./HAL/Lcd.o
                0x0000448e                H_LCD_void_IniT
 .text.H_LCD_void_sendCommand
                0x000046e2      0x11e ./HAL/Lcd.o
                0x000046e2                H_LCD_void_sendCommand
 .text.H_LCD_void_sendData
                0x00004800       0x26 ./HAL/Lcd.o
                0x00004800                H_LCD_void_sendData
 .text.H_LCD_void_sendString
                0x00004826       0x3c ./HAL/Lcd.o
                0x00004826                H_LCD_void_sendString
 .text.H_LCD_int_to_string
                0x00004862       0x46 ./HAL/Lcd.o
                0x00004862                H_LCD_int_to_string
 .text.H_LCD_void_gotoXY
                0x000048a8       0x4e ./HAL/Lcd.o
                0x000048a8                H_LCD_void_gotoXY
 .text.H_Lcd_Void_Clear
                0x000048f6       0x14 ./HAL/Lcd.o
                0x000048f6                H_Lcd_Void_Clear
 .text.LCD_displayStringRowColumn
                0x0000490a       0x32 ./HAL/Lcd.o
                0x0000490a                LCD_displayStringRowColumn
 .text.RTC_Init
                0x0000493c       0x22 ./HAL/RTC_INTERFACE.o
                0x0000493c                RTC_Init
 .text.RTC_dateFormat
                0x0000495e       0x80 ./HAL/RTC_INTERFACE.o
 .text.RTC_dayFormat
                0x000049de       0x1c ./HAL/RTC_INTERFACE.o
 .text.RTC_MonthFormat
                0x000049fa       0x7e ./HAL/RTC_INTERFACE.o
 .text.RTC_yearFormat
                0x00004a78       0x7e ./HAL/RTC_INTERFACE.o
 .text.RTC_TimeHrFormat
                0x00004af6      0x120 ./HAL/RTC_INTERFACE.o
 .text.RTC_ADJUSTSecMin
                0x00004c16       0x8c ./HAL/RTC_INTERFACE.o
 .text.RTC_setTime
                0x00004ca2       0x68 ./HAL/RTC_INTERFACE.o
                0x00004ca2                RTC_setTime
 .text.RTC_getTime
                0x00004d0a      0x1ea ./HAL/RTC_INTERFACE.o
                0x00004d0a                RTC_getTime
 .text.RTC_SetDate
                0x00004ef4       0x82 ./HAL/RTC_INTERFACE.o
                0x00004ef4                RTC_SetDate
 .text.RTC_GetDate
                0x00004f76      0x132 ./HAL/RTC_INTERFACE.o
                0x00004f76                RTC_GetDate
 .text.Segment_init
                0x000050a8     0x1de6 ./HAL/Seven_Segment_INTERFACE.o
                0x000050a8                Segment_init
 .text.SevenSeg_Num
                0x00006e8e      0x2b0 ./HAL/Seven_Segment_INTERFACE.o
                0x00006e8e                SevenSeg_Num
 .text.Ultrasonic_edgeProcessing
                0x0000713e       0x58 ./HAL/Ultrasonic.o
                0x0000713e                Ultrasonic_edgeProcessing
 .text.Ultrasonic_init
                0x00007196       0x54 ./HAL/Ultrasonic.o
                0x00007196                Ultrasonic_init
 .text.Ultrasonic_Trigger
                0x000071ea      0x1ba ./HAL/Ultrasonic.o
                0x000071ea                Ultrasonic_Trigger
 .text.Ultrasonic_readDistance
                0x000073a4      0x2f0 ./HAL/Ultrasonic.o
                0x000073a4                Ultrasonic_readDistance
 .text.EEPROM_Init
                0x00007694       0x24 ./HAL/eeprom_INTERFACE.o
                0x00007694                EEPROM_Init
 .text.EEPROM_WriteByte
                0x000076b8       0x82 ./HAL/eeprom_INTERFACE.o
                0x000076b8                EEPROM_WriteByte
 .text.EEPROM_ReadByte
                0x0000773a       0xbe ./HAL/eeprom_INTERFACE.o
                0x0000773a                EEPROM_ReadByte
 .text.initLEDs
                0x000077f8       0x18 ./OS.o
                0x000077f8                initLEDs
 .text.task1    0x00007810       0x22 ./OS.o
                0x00007810                task1
 .text.task2    0x00007832       0x30 ./OS.o
                0x00007832                task2
 .text.task3    0x00007862       0x22 ./OS.o
                0x00007862                task3
 .text.Runnable_Task
                0x00007884      0x13a ./OS.o
                0x00007884                Runnable_Task
 .text.TIMER_INIT
                0x000079be       0x24 ./OS.o
                0x000079be                TIMER_INIT
 .text.main     0x000079e2       0x3e ./OS.o
                0x000079e2                main
 .text.libgcc   0x00007a20       0x3e c:/winavr-20100110/bin/../lib/gcc/avr/4.3.3/avr5\libgcc.a(_mulsi3.o)
                0x00007a20                __mulsi3
 .text.libgcc   0x00007a5e       0x18 c:/winavr-20100110/bin/../lib/gcc/avr/4.3.3/avr5\libgcc.a(_udivmodqi4.o)
                0x00007a5e                __udivmodqi4
 .text.libgcc   0x00007a76       0x28 c:/winavr-20100110/bin/../lib/gcc/avr/4.3.3/avr5\libgcc.a(_udivmodhi4.o)
                0x00007a76                __udivmodhi4
 .text.libgcc   0x00007a9e       0x26 c:/winavr-20100110/bin/../lib/gcc/avr/4.3.3/avr5\libgcc.a(_divmodhi4.o)
                0x00007a9e                __divmodhi4
                0x00007a9e                _div
 .text.libgcc   0x00007ac4       0x44 c:/winavr-20100110/bin/../lib/gcc/avr/4.3.3/avr5\libgcc.a(_udivmodsi4.o)
                0x00007ac4                __udivmodsi4
 .text.libgcc   0x00007b08       0x36 c:/winavr-20100110/bin/../lib/gcc/avr/4.3.3/avr5\libgcc.a(_divmodsi4.o)
                0x00007b08                __divmodsi4
 .text.libgcc   0x00007b3e        0x0 c:/winavr-20100110/bin/../lib/gcc/avr/4.3.3/avr5\libgcc.a(_exit.o)
 .text.libgcc   0x00007b3e        0x0 c:/winavr-20100110/bin/../lib/gcc/avr/4.3.3/avr5\libgcc.a(_copy_data.o)
 .text.libgcc   0x00007b3e        0x0 c:/winavr-20100110/bin/../lib/gcc/avr/4.3.3/avr5\libgcc.a(_clear_bss.o)
 .text.libgcc   0x00007b3e       0x38 c:/winavr-20100110/bin/../lib/gcc/avr/4.3.3/avr5\libgcc.a(_prologue.o)
                0x00007b3e                __prologue_saves__
 .text.libgcc   0x00007b76       0x36 c:/winavr-20100110/bin/../lib/gcc/avr/4.3.3/avr5\libgcc.a(_epilogue.o)
                0x00007b76                __epilogue_restores__
 .text.avr-libc
                0x00007bac       0x42 c:/winavr-20100110/bin/../lib/gcc/avr/4.3.3/../../../../avr/lib/avr5\libc.a(itoa.o)
                0x00007bac                itoa
 .text.avr-libc
                0x00007bee       0x20 c:/winavr-20100110/bin/../lib/gcc/avr/4.3.3/../../../../avr/lib/avr5\libc.a(strrev.o)
                0x00007bee                strrev
                0x00007c0e                . = ALIGN (0x2)
 *(.fini9)
 .fini9         0x00007c0e        0x0 c:/winavr-20100110/bin/../lib/gcc/avr/4.3.3/avr5\libgcc.a(_exit.o)
                0x00007c0e                exit
                0x00007c0e                _exit
 *(.fini9)
 *(.fini8)
 *(.fini8)
 *(.fini7)
 *(.fini7)
 *(.fini6)
 *(.fini6)
 *(.fini5)
 *(.fini5)
 *(.fini4)
 *(.fini4)
 *(.fini3)
 *(.fini3)
 *(.fini2)
 *(.fini2)
 *(.fini1)
 *(.fini1)
 *(.fini0)
 .fini0         0x00007c0e        0x4 c:/winavr-20100110/bin/../lib/gcc/avr/4.3.3/avr5\libgcc.a(_exit.o)
 *(.fini0)
                0x00007c12                _etext = .

.data           0x00800060      0x17a load address 0x00007c12
                0x00800060                PROVIDE (__data_start, .)
 *(.data)
 .data          0x00800060        0x0 c:/winavr-20100110/bin/../lib/gcc/avr/4.3.3/../../../../avr/lib/avr5/crtm32.o
 .data          0x00800060        0x0 ./MCAL/ADC_INTERFACE.o
 .data          0x00800060        0x0 ./MCAL/Dio_INTERFACE.o
 .data          0x00800060        0x0 ./MCAL/EXTI_INTERACE.o
 .data          0x00800060        0x0 ./MCAL/GIC.o
 .data          0x00800060        0x0 ./MCAL/Spi_Interface.o
 .data          0x00800060        0x0 ./MCAL/TWI_INTERFACE.o
 .data          0x00800060        0x0 ./MCAL/Timer1_INTERFACE.o
 .data          0x00800060        0x0 ./MCAL/Timer_INTERFACE.o
 .data          0x00800060        0x0 ./MCAL/Uart_INTERFACE.o
 .data          0x00800060        0x0 ./MCAL/WDT_Interface.o
 .data          0x00800060        0x0 ./HAL/Button.o
 .data          0x00800060        0x0 ./HAL/Dc_motor.o
 .data          0x00800060        0x0 ./HAL/FingerPrint_Interface.o
 .data          0x00800060        0x0 ./HAL/Keypad.o
 .data          0x00800060        0x0 ./HAL/LED_INTERFACING.o
 .data          0x00800060        0x0 ./HAL/LM35_INTERACE.o
 .data          0x00800060        0x0 ./HAL/Lcd.o
 .data          0x00800060        0x0 ./HAL/RTC_INTERFACE.o
 .data          0x00800060        0x0 ./HAL/Seven_Segment_INTERFACE.o
 .data          0x00800060        0x0 ./HAL/Ultrasonic.o
 .data          0x00800060        0x0 ./HAL/eeprom_INTERFACE.o
 .data          0x00800060        0x0 ./ADC_PROJECT.o
 .data          0x00800060        0x0 ./Duty_Config.o
 .data          0x00800060        0x0 ./Login_System.o
 .data          0x00800060        0x0 ./OS.o
 .data          0x00800060        0x0 c:/winavr-20100110/bin/../lib/gcc/avr/4.3.3/avr5\libgcc.a(_mulsi3.o)
 .data          0x00800060        0x0 c:/winavr-20100110/bin/../lib/gcc/avr/4.3.3/avr5\libgcc.a(_udivmodqi4.o)
 .data          0x00800060        0x0 c:/winavr-20100110/bin/../lib/gcc/avr/4.3.3/avr5\libgcc.a(_udivmodhi4.o)
 .data          0x00800060        0x0 c:/winavr-20100110/bin/../lib/gcc/avr/4.3.3/avr5\libgcc.a(_divmodhi4.o)
 .data          0x00800060        0x0 c:/winavr-20100110/bin/../lib/gcc/avr/4.3.3/avr5\libgcc.a(_udivmodsi4.o)
 .data          0x00800060        0x0 c:/winavr-20100110/bin/../lib/gcc/avr/4.3.3/avr5\libgcc.a(_divmodsi4.o)
 .data          0x00800060        0x0 c:/winavr-20100110/bin/../lib/gcc/avr/4.3.3/avr5\libgcc.a(_exit.o)
 .data          0x00800060        0x0 c:/winavr-20100110/bin/../lib/gcc/avr/4.3.3/avr5\libgcc.a(_copy_data.o)
 .data          0x00800060        0x0 c:/winavr-20100110/bin/../lib/gcc/avr/4.3.3/avr5\libgcc.a(_clear_bss.o)
 .data          0x00800060        0x0 c:/winavr-20100110/bin/../lib/gcc/avr/4.3.3/avr5\libgcc.a(_fixunssfsi.o)
 .data          0x00800060        0x0 c:/winavr-20100110/bin/../lib/gcc/avr/4.3.3/avr5\libgcc.a(_addsub_sf.o)
 .data          0x00800060        0x0 c:/winavr-20100110/bin/../lib/gcc/avr/4.3.3/avr5\libgcc.a(_mul_sf.o)
 .data          0x00800060        0x0 c:/winavr-20100110/bin/../lib/gcc/avr/4.3.3/avr5\libgcc.a(_div_sf.o)
 .data          0x00800060        0x0 c:/winavr-20100110/bin/../lib/gcc/avr/4.3.3/avr5\libgcc.a(_gt_sf.o)
 .data          0x00800060        0x0 c:/winavr-20100110/bin/../lib/gcc/avr/4.3.3/avr5\libgcc.a(_ge_sf.o)
 .data          0x00800060        0x0 c:/winavr-20100110/bin/../lib/gcc/avr/4.3.3/avr5\libgcc.a(_lt_sf.o)
 .data          0x00800060        0x0 c:/winavr-20100110/bin/../lib/gcc/avr/4.3.3/avr5\libgcc.a(_sf_to_si.o)
 .data          0x00800060        0x8 c:/winavr-20100110/bin/../lib/gcc/avr/4.3.3/avr5\libgcc.a(_thenan_sf.o)
                0x00800060                __thenan_sf
 .data          0x00800068        0x0 c:/winavr-20100110/bin/../lib/gcc/avr/4.3.3/avr5\libgcc.a(_usi_to_sf.o)
 .data          0x00800068        0x0 c:/winavr-20100110/bin/../lib/gcc/avr/4.3.3/avr5\libgcc.a(_prologue.o)
 .data          0x00800068        0x0 c:/winavr-20100110/bin/../lib/gcc/avr/4.3.3/avr5\libgcc.a(_epilogue.o)
 .data          0x00800068        0x0 c:/winavr-20100110/bin/../lib/gcc/avr/4.3.3/avr5\libgcc.a(_clzsi2.o)
 .data          0x00800068        0x0 c:/winavr-20100110/bin/../lib/gcc/avr/4.3.3/avr5\libgcc.a(_pack_sf.o)
 .data          0x00800068        0x0 c:/winavr-20100110/bin/../lib/gcc/avr/4.3.3/avr5\libgcc.a(_unpack_sf.o)
 .data          0x00800068        0x0 c:/winavr-20100110/bin/../lib/gcc/avr/4.3.3/avr5\libgcc.a(_fpcmp_parts_sf.o)
 .data          0x00800068      0x100 c:/winavr-20100110/bin/../lib/gcc/avr/4.3.3/avr5\libgcc.a(_clz.o)
                0x00800068                __clz_tab
 .data          0x00800168        0x0 c:/winavr-20100110/bin/../lib/gcc/avr/4.3.3/../../../../avr/lib/avr5\libc.a(itoa.o)
 .data          0x00800168        0x0 c:/winavr-20100110/bin/../lib/gcc/avr/4.3.3/../../../../avr/lib/avr5\libc.a(strrev.o)
 *(.data*)
 .data.tasks    0x00800168       0x12 ./OS.o
                0x00800168                tasks
 .data.timer0   0x0080017a        0x7 ./OS.o
                0x0080017a                timer0
 *(.rodata)
 *(.rodata*)
 .rodata.C.6.1475
                0x00800181        0xc ./HAL/FingerPrint_Interface.o
 .rodata.C.8.1493
                0x0080018d        0xc ./HAL/FingerPrint_Interface.o
 .rodata.C.12.1533
                0x00800199        0xc ./HAL/FingerPrint_Interface.o
 .rodata.C.20.1636
                0x008001a5        0xc ./HAL/FingerPrint_Interface.o
 .rodata.C.27.1721
                0x008001b1        0xc ./HAL/FingerPrint_Interface.o
 .rodata.C.29.1739
                0x008001bd        0xc ./HAL/FingerPrint_Interface.o
 .rodata.C.0.1410
                0x008001c9       0x10 ./HAL/Keypad.o
 *(.gnu.linkonce.d*)
                0x008001da                . = ALIGN (0x2)
 *fill*         0x008001d9        0x1 00
                0x008001da                _edata = .
                0x008001da                PROVIDE (__data_end, .)

.bss            0x008001da       0x6a
                0x008001da                PROVIDE (__bss_start, .)
 *(.bss)
 .bss           0x008001da        0x0 c:/winavr-20100110/bin/../lib/gcc/avr/4.3.3/../../../../avr/lib/avr5/crtm32.o
 .bss           0x008001da        0x0 ./MCAL/ADC_INTERFACE.o
 .bss           0x008001da        0x0 ./MCAL/Dio_INTERFACE.o
 .bss           0x008001da        0x0 ./MCAL/EXTI_INTERACE.o
 .bss           0x008001da        0x0 ./MCAL/GIC.o
 .bss           0x008001da        0x0 ./MCAL/Spi_Interface.o
 .bss           0x008001da        0x0 ./MCAL/TWI_INTERFACE.o
 .bss           0x008001da        0x0 ./MCAL/Timer1_INTERFACE.o
 .bss           0x008001da        0x0 ./MCAL/Timer_INTERFACE.o
 .bss           0x008001da        0x0 ./MCAL/Uart_INTERFACE.o
 .bss           0x008001da        0x0 ./MCAL/WDT_Interface.o
 .bss           0x008001da        0x0 ./HAL/Button.o
 .bss           0x008001da        0x0 ./HAL/Dc_motor.o
 .bss           0x008001da        0x0 ./HAL/FingerPrint_Interface.o
 .bss           0x008001da        0x0 ./HAL/Keypad.o
 .bss           0x008001da        0x0 ./HAL/LED_INTERFACING.o
 .bss           0x008001da        0x0 ./HAL/LM35_INTERACE.o
 .bss           0x008001da        0x0 ./HAL/Lcd.o
 .bss           0x008001da        0x0 ./HAL/RTC_INTERFACE.o
 .bss           0x008001da        0x0 ./HAL/Seven_Segment_INTERFACE.o
 .bss           0x008001da        0x0 ./HAL/Ultrasonic.o
 .bss           0x008001da        0x0 ./HAL/eeprom_INTERFACE.o
 .bss           0x008001da        0x0 ./ADC_PROJECT.o
 .bss           0x008001da        0x0 ./Duty_Config.o
 .bss           0x008001da        0x0 ./Login_System.o
 .bss           0x008001da        0x0 ./OS.o
 .bss           0x008001da        0x0 c:/winavr-20100110/bin/../lib/gcc/avr/4.3.3/avr5\libgcc.a(_mulsi3.o)
 .bss           0x008001da        0x0 c:/winavr-20100110/bin/../lib/gcc/avr/4.3.3/avr5\libgcc.a(_udivmodqi4.o)
 .bss           0x008001da        0x0 c:/winavr-20100110/bin/../lib/gcc/avr/4.3.3/avr5\libgcc.a(_udivmodhi4.o)
 .bss           0x008001da        0x0 c:/winavr-20100110/bin/../lib/gcc/avr/4.3.3/avr5\libgcc.a(_divmodhi4.o)
 .bss           0x008001da        0x0 c:/winavr-20100110/bin/../lib/gcc/avr/4.3.3/avr5\libgcc.a(_udivmodsi4.o)
 .bss           0x008001da        0x0 c:/winavr-20100110/bin/../lib/gcc/avr/4.3.3/avr5\libgcc.a(_divmodsi4.o)
 .bss           0x008001da        0x0 c:/winavr-20100110/bin/../lib/gcc/avr/4.3.3/avr5\libgcc.a(_exit.o)
 .bss           0x008001da        0x0 c:/winavr-20100110/bin/../lib/gcc/avr/4.3.3/avr5\libgcc.a(_copy_data.o)
 .bss           0x008001da        0x0 c:/winavr-20100110/bin/../lib/gcc/avr/4.3.3/avr5\libgcc.a(_clear_bss.o)
 .bss           0x008001da        0x0 c:/winavr-20100110/bin/../lib/gcc/avr/4.3.3/avr5\libgcc.a(_fixunssfsi.o)
 .bss           0x008001da        0x0 c:/winavr-20100110/bin/../lib/gcc/avr/4.3.3/avr5\libgcc.a(_addsub_sf.o)
 .bss           0x008001da        0x0 c:/winavr-20100110/bin/../lib/gcc/avr/4.3.3/avr5\libgcc.a(_mul_sf.o)
 .bss           0x008001da        0x0 c:/winavr-20100110/bin/../lib/gcc/avr/4.3.3/avr5\libgcc.a(_div_sf.o)
 .bss           0x008001da        0x0 c:/winavr-20100110/bin/../lib/gcc/avr/4.3.3/avr5\libgcc.a(_gt_sf.o)
 .bss           0x008001da        0x0 c:/winavr-20100110/bin/../lib/gcc/avr/4.3.3/avr5\libgcc.a(_ge_sf.o)
 .bss           0x008001da        0x0 c:/winavr-20100110/bin/../lib/gcc/avr/4.3.3/avr5\libgcc.a(_lt_sf.o)
 .bss           0x008001da        0x0 c:/winavr-20100110/bin/../lib/gcc/avr/4.3.3/avr5\libgcc.a(_sf_to_si.o)
 .bss           0x008001da        0x0 c:/winavr-20100110/bin/../lib/gcc/avr/4.3.3/avr5\libgcc.a(_thenan_sf.o)
 .bss           0x008001da        0x0 c:/winavr-20100110/bin/../lib/gcc/avr/4.3.3/avr5\libgcc.a(_usi_to_sf.o)
 .bss           0x008001da        0x0 c:/winavr-20100110/bin/../lib/gcc/avr/4.3.3/avr5\libgcc.a(_prologue.o)
 .bss           0x008001da        0x0 c:/winavr-20100110/bin/../lib/gcc/avr/4.3.3/avr5\libgcc.a(_epilogue.o)
 .bss           0x008001da        0x0 c:/winavr-20100110/bin/../lib/gcc/avr/4.3.3/avr5\libgcc.a(_clzsi2.o)
 .bss           0x008001da        0x0 c:/winavr-20100110/bin/../lib/gcc/avr/4.3.3/avr5\libgcc.a(_pack_sf.o)
 .bss           0x008001da        0x0 c:/winavr-20100110/bin/../lib/gcc/avr/4.3.3/avr5\libgcc.a(_unpack_sf.o)
 .bss           0x008001da        0x0 c:/winavr-20100110/bin/../lib/gcc/avr/4.3.3/avr5\libgcc.a(_fpcmp_parts_sf.o)
 .bss           0x008001da        0x0 c:/winavr-20100110/bin/../lib/gcc/avr/4.3.3/avr5\libgcc.a(_clz.o)
 .bss           0x008001da        0x0 c:/winavr-20100110/bin/../lib/gcc/avr/4.3.3/../../../../avr/lib/avr5\libc.a(itoa.o)
 .bss           0x008001da        0x0 c:/winavr-20100110/bin/../lib/gcc/avr/4.3.3/../../../../avr/lib/avr5\libc.a(strrev.o)
 *(.bss*)
 .bss.g_SpiCallBackPtr
                0x008001da        0x2 ./MCAL/Spi_Interface.o
 .bss.g_Timer1CallBackPtr
                0x008001dc        0x2 ./MCAL/Timer1_INTERFACE.o
 .bss.g_callBackPtr
                0x008001de        0x2 ./MCAL/Timer1_INTERFACE.o
 .bss.g_ICUcallBackPtr
                0x008001e0        0x2 ./MCAL/Timer1_INTERFACE.o
 .bss.gTimer0_Call_BackPOINTER
                0x008001e2        0x2 ./MCAL/Timer_INTERFACE.o
 .bss.Uart_CallBack
                0x008001e4        0x2 ./MCAL/Uart_INTERFACE.o
                0x008001e4                Uart_CallBack
 .bss.flag.1394
                0x008001e6        0x1 ./HAL/Button.o
 .bss.index     0x008001e7        0x1 ./HAL/FingerPrint_Interface.o
 .bss.g_edgeCount
                0x008001e8        0x1 ./HAL/Ultrasonic.o
                0x008001e8                g_edgeCount
 .bss.g_timeHigh
                0x008001e9        0x2 ./HAL/Ultrasonic.o
                0x008001e9                g_timeHigh
 .bss.distance  0x008001eb        0x4 ./HAL/Ultrasonic.o
                0x008001eb                distance
 .bss.task1_counter
                0x008001ef        0x4 ./OS.o
                0x008001ef                task1_counter
 .bss.task2_counter
                0x008001f3        0x4 ./OS.o
                0x008001f3                task2_counter
 .bss.task3_counter
                0x008001f7        0x4 ./OS.o
                0x008001f7                task3_counter
 *(COMMON)
 COMMON         0x008001fb        0x2 ./MCAL/ADC_INTERFACE.o
                0x008001fb                adc_ptr
 COMMON         0x008001fd        0x6 ./MCAL/EXTI_INTERACE.o
                0x008001fd                g_EXT_INT_POINTERS
 COMMON         0x00800203       0x3c ./HAL/FingerPrint_Interface.o
                0x00800203                Frame_Received
 COMMON         0x0080023f        0x5 ./HAL/RTC_INTERFACE.o
                0x0080023f                date_res
                0x00800244                PROVIDE (__bss_end, .)
                0x00007c12                __data_load_start = LOADADDR (.data)
                0x00007d8c                __data_load_end = (__data_load_start + SIZEOF (.data))

.noinit         0x00800244        0x0
                0x00800244                PROVIDE (__noinit_start, .)
 *(.noinit*)
                0x00800244                PROVIDE (__noinit_end, .)
                0x00800244                _end = .
                0x00800244                PROVIDE (__heap_start, .)

.eeprom         0x00810000        0x0
 *(.eeprom*)
                0x00810000                __eeprom_end = .

.fuse
 *(.fuse)
 *(.lfuse)
 *(.hfuse)
 *(.efuse)

.lock
 *(.lock*)

.signature
 *(.signature*)

.stab           0x00000000     0x8aa8
 *(.stab)
 .stab          0x00000000      0x6a8 ./MCAL/ADC_INTERFACE.o
 .stab          0x000006a8      0x510 ./MCAL/Dio_INTERFACE.o
                                0x7e0 (size before relaxing)
 .stab          0x00000bb8      0x3d8 ./MCAL/EXTI_INTERACE.o
                                0x6e4 (size before relaxing)
 .stab          0x00000f90      0x1b0 ./MCAL/GIC.o
                                0x480 (size before relaxing)
 .stab          0x00001140      0x348 ./MCAL/Spi_Interface.o
                                0x618 (size before relaxing)
 .stab          0x00001488      0x3a8 ./MCAL/TWI_INTERFACE.o
                                0x678 (size before relaxing)
 .stab          0x00001830      0x888 ./MCAL/Timer1_INTERFACE.o
                                0xc00 (size before relaxing)
 .stab          0x000020b8      0x6b4 ./MCAL/Timer_INTERFACE.o
                                0x984 (size before relaxing)
 .stab          0x0000276c      0x624 ./MCAL/Uart_INTERFACE.o
                                0x9c0 (size before relaxing)
 .stab          0x00002d90      0x240 ./MCAL/WDT_Interface.o
                                0x510 (size before relaxing)
 .stab          0x00002fd0      0x348 ./HAL/Button.o
                                0x6c0 (size before relaxing)
 .stab          0x00003318      0x2c4 ./HAL/Dc_motor.o
                                0x69c (size before relaxing)
 .stab          0x000035dc      0xffc ./HAL/FingerPrint_Interface.o
                               0x135c (size before relaxing)
 .stab          0x000045d8      0x3f0 ./HAL/Keypad.o
                                0x78c (size before relaxing)
 .stab          0x000049c8      0x1d4 ./HAL/LED_INTERFACING.o
                                0x570 (size before relaxing)
 .stab          0x00004b9c      0x204 ./HAL/LM35_INTERACE.o
                                0x624 (size before relaxing)
 .stab          0x00004da0      0xaf8 ./HAL/Lcd.o
                                0xec4 (size before relaxing)
 .stab          0x00005898      0xd38 ./HAL/RTC_INTERFACE.o
                               0x111c (size before relaxing)
 .stab          0x000065d0     0x147c ./HAL/Seven_Segment_INTERFACE.o
                               0x17f4 (size before relaxing)
 .stab          0x00007a4c      0x4ec ./HAL/Ultrasonic.o
                                0x924 (size before relaxing)
 .stab          0x00007f38      0x3e4 ./HAL/eeprom_INTERFACE.o
                                0x6fc (size before relaxing)
 .stab          0x0000831c       0xd8 ./ADC_PROJECT.o
                                 0xe4 (size before relaxing)
 .stab          0x000083f4       0xd8 ./Duty_Config.o
                                 0xe4 (size before relaxing)
 .stab          0x000084cc      0x198 ./Login_System.o
                                0x720 (size before relaxing)
 .stab          0x00008664      0x444 ./OS.o
                                0x864 (size before relaxing)

.stabstr        0x00000000     0x4537
 *(.stabstr)
 .stabstr       0x00000000     0x4537 ./MCAL/ADC_INTERFACE.o

.stab.excl
 *(.stab.excl)

.stab.exclstr
 *(.stab.exclstr)

.stab.index
 *(.stab.index)

.stab.indexstr
 *(.stab.indexstr)

.comment
 *(.comment)

.debug
 *(.debug)

.line
 *(.line)

.debug_srcinfo
 *(.debug_srcinfo)

.debug_sfnames
 *(.debug_sfnames)

.debug_aranges  0x00000000      0x1a0
 *(.debug_aranges)
 .debug_aranges
                0x00000000       0x20 c:/winavr-20100110/bin/../lib/gcc/avr/4.3.3/avr5\libgcc.a(_fixunssfsi.o)
 .debug_aranges
                0x00000020       0x20 c:/winavr-20100110/bin/../lib/gcc/avr/4.3.3/avr5\libgcc.a(_addsub_sf.o)
 .debug_aranges
                0x00000040       0x20 c:/winavr-20100110/bin/../lib/gcc/avr/4.3.3/avr5\libgcc.a(_mul_sf.o)
 .debug_aranges
                0x00000060       0x20 c:/winavr-20100110/bin/../lib/gcc/avr/4.3.3/avr5\libgcc.a(_div_sf.o)
 .debug_aranges
                0x00000080       0x20 c:/winavr-20100110/bin/../lib/gcc/avr/4.3.3/avr5\libgcc.a(_gt_sf.o)
 .debug_aranges
                0x000000a0       0x20 c:/winavr-20100110/bin/../lib/gcc/avr/4.3.3/avr5\libgcc.a(_ge_sf.o)
 .debug_aranges
                0x000000c0       0x20 c:/winavr-20100110/bin/../lib/gcc/avr/4.3.3/avr5\libgcc.a(_lt_sf.o)
 .debug_aranges
                0x000000e0       0x20 c:/winavr-20100110/bin/../lib/gcc/avr/4.3.3/avr5\libgcc.a(_sf_to_si.o)
 .debug_aranges
                0x00000100       0x20 c:/winavr-20100110/bin/../lib/gcc/avr/4.3.3/avr5\libgcc.a(_usi_to_sf.o)
 .debug_aranges
                0x00000120       0x20 c:/winavr-20100110/bin/../lib/gcc/avr/4.3.3/avr5\libgcc.a(_clzsi2.o)
 .debug_aranges
                0x00000140       0x20 c:/winavr-20100110/bin/../lib/gcc/avr/4.3.3/avr5\libgcc.a(_pack_sf.o)
 .debug_aranges
                0x00000160       0x20 c:/winavr-20100110/bin/../lib/gcc/avr/4.3.3/avr5\libgcc.a(_unpack_sf.o)
 .debug_aranges
                0x00000180       0x20 c:/winavr-20100110/bin/../lib/gcc/avr/4.3.3/avr5\libgcc.a(_fpcmp_parts_sf.o)

.debug_pubnames
                0x00000000      0x1f2
 *(.debug_pubnames)
 .debug_pubnames
                0x00000000       0x23 c:/winavr-20100110/bin/../lib/gcc/avr/4.3.3/avr5\libgcc.a(_fixunssfsi.o)
 .debug_pubnames
                0x00000023       0x2c c:/winavr-20100110/bin/../lib/gcc/avr/4.3.3/avr5\libgcc.a(_addsub_sf.o)
 .debug_pubnames
                0x0000004f       0x1f c:/winavr-20100110/bin/../lib/gcc/avr/4.3.3/avr5\libgcc.a(_mul_sf.o)
 .debug_pubnames
                0x0000006e       0x1f c:/winavr-20100110/bin/../lib/gcc/avr/4.3.3/avr5\libgcc.a(_div_sf.o)
 .debug_pubnames
                0x0000008d       0x1e c:/winavr-20100110/bin/../lib/gcc/avr/4.3.3/avr5\libgcc.a(_gt_sf.o)
 .debug_pubnames
                0x000000ab       0x1e c:/winavr-20100110/bin/../lib/gcc/avr/4.3.3/avr5\libgcc.a(_ge_sf.o)
 .debug_pubnames
                0x000000c9       0x1e c:/winavr-20100110/bin/../lib/gcc/avr/4.3.3/avr5\libgcc.a(_lt_sf.o)
 .debug_pubnames
                0x000000e7       0x20 c:/winavr-20100110/bin/../lib/gcc/avr/4.3.3/avr5\libgcc.a(_sf_to_si.o)
 .debug_pubnames
                0x00000107       0x22 c:/winavr-20100110/bin/../lib/gcc/avr/4.3.3/avr5\libgcc.a(_thenan_sf.o)
 .debug_pubnames
                0x00000129       0x24 c:/winavr-20100110/bin/../lib/gcc/avr/4.3.3/avr5\libgcc.a(_usi_to_sf.o)
 .debug_pubnames
                0x0000014d       0x1f c:/winavr-20100110/bin/../lib/gcc/avr/4.3.3/avr5\libgcc.a(_clzsi2.o)
 .debug_pubnames
                0x0000016c       0x1f c:/winavr-20100110/bin/../lib/gcc/avr/4.3.3/avr5\libgcc.a(_pack_sf.o)
 .debug_pubnames
                0x0000018b       0x21 c:/winavr-20100110/bin/../lib/gcc/avr/4.3.3/avr5\libgcc.a(_unpack_sf.o)
 .debug_pubnames
                0x000001ac       0x26 c:/winavr-20100110/bin/../lib/gcc/avr/4.3.3/avr5\libgcc.a(_fpcmp_parts_sf.o)
 .debug_pubnames
                0x000001d2       0x20 c:/winavr-20100110/bin/../lib/gcc/avr/4.3.3/avr5\libgcc.a(_clz.o)

.debug_info     0x00000000     0x240b
 *(.debug_info)
 .debug_info    0x00000000       0xb1 c:/winavr-20100110/bin/../lib/gcc/avr/4.3.3/avr5\libgcc.a(_fixunssfsi.o)
 .debug_info    0x000000b1      0x47a c:/winavr-20100110/bin/../lib/gcc/avr/4.3.3/avr5\libgcc.a(_addsub_sf.o)
 .debug_info    0x0000052b      0x485 c:/winavr-20100110/bin/../lib/gcc/avr/4.3.3/avr5\libgcc.a(_mul_sf.o)
 .debug_info    0x000009b0      0x3fc c:/winavr-20100110/bin/../lib/gcc/avr/4.3.3/avr5\libgcc.a(_div_sf.o)
 .debug_info    0x00000dac      0x27f c:/winavr-20100110/bin/../lib/gcc/avr/4.3.3/avr5\libgcc.a(_gt_sf.o)
 .debug_info    0x0000102b      0x27f c:/winavr-20100110/bin/../lib/gcc/avr/4.3.3/avr5\libgcc.a(_ge_sf.o)
 .debug_info    0x000012aa      0x27f c:/winavr-20100110/bin/../lib/gcc/avr/4.3.3/avr5\libgcc.a(_lt_sf.o)
 .debug_info    0x00001529      0x2b0 c:/winavr-20100110/bin/../lib/gcc/avr/4.3.3/avr5\libgcc.a(_sf_to_si.o)
 .debug_info    0x000017d9      0x12c c:/winavr-20100110/bin/../lib/gcc/avr/4.3.3/avr5\libgcc.a(_thenan_sf.o)
 .debug_info    0x00001905      0x206 c:/winavr-20100110/bin/../lib/gcc/avr/4.3.3/avr5\libgcc.a(_usi_to_sf.o)
 .debug_info    0x00001b0b      0x117 c:/winavr-20100110/bin/../lib/gcc/avr/4.3.3/avr5\libgcc.a(_clzsi2.o)
 .debug_info    0x00001c22      0x2df c:/winavr-20100110/bin/../lib/gcc/avr/4.3.3/avr5\libgcc.a(_pack_sf.o)
 .debug_info    0x00001f01      0x251 c:/winavr-20100110/bin/../lib/gcc/avr/4.3.3/avr5\libgcc.a(_unpack_sf.o)
 .debug_info    0x00002152      0x210 c:/winavr-20100110/bin/../lib/gcc/avr/4.3.3/avr5\libgcc.a(_fpcmp_parts_sf.o)
 .debug_info    0x00002362       0xa9 c:/winavr-20100110/bin/../lib/gcc/avr/4.3.3/avr5\libgcc.a(_clz.o)
 *(.gnu.linkonce.wi.*)

.debug_abbrev   0x00000000     0x1386
 *(.debug_abbrev)
 .debug_abbrev  0x00000000       0x5d c:/winavr-20100110/bin/../lib/gcc/avr/4.3.3/avr5\libgcc.a(_fixunssfsi.o)
 .debug_abbrev  0x0000005d      0x1ea c:/winavr-20100110/bin/../lib/gcc/avr/4.3.3/avr5\libgcc.a(_addsub_sf.o)
 .debug_abbrev  0x00000247      0x21b c:/winavr-20100110/bin/../lib/gcc/avr/4.3.3/avr5\libgcc.a(_mul_sf.o)
 .debug_abbrev  0x00000462      0x216 c:/winavr-20100110/bin/../lib/gcc/avr/4.3.3/avr5\libgcc.a(_div_sf.o)
 .debug_abbrev  0x00000678      0x15a c:/winavr-20100110/bin/../lib/gcc/avr/4.3.3/avr5\libgcc.a(_gt_sf.o)
 .debug_abbrev  0x000007d2      0x15a c:/winavr-20100110/bin/../lib/gcc/avr/4.3.3/avr5\libgcc.a(_ge_sf.o)
 .debug_abbrev  0x0000092c      0x15a c:/winavr-20100110/bin/../lib/gcc/avr/4.3.3/avr5\libgcc.a(_lt_sf.o)
 .debug_abbrev  0x00000a86      0x17f c:/winavr-20100110/bin/../lib/gcc/avr/4.3.3/avr5\libgcc.a(_sf_to_si.o)
 .debug_abbrev  0x00000c05       0xad c:/winavr-20100110/bin/../lib/gcc/avr/4.3.3/avr5\libgcc.a(_thenan_sf.o)
 .debug_abbrev  0x00000cb2      0x157 c:/winavr-20100110/bin/../lib/gcc/avr/4.3.3/avr5\libgcc.a(_usi_to_sf.o)
 .debug_abbrev  0x00000e09       0xc4 c:/winavr-20100110/bin/../lib/gcc/avr/4.3.3/avr5\libgcc.a(_clzsi2.o)
 .debug_abbrev  0x00000ecd      0x1c0 c:/winavr-20100110/bin/../lib/gcc/avr/4.3.3/avr5\libgcc.a(_pack_sf.o)
 .debug_abbrev  0x0000108d      0x154 c:/winavr-20100110/bin/../lib/gcc/avr/4.3.3/avr5\libgcc.a(_unpack_sf.o)
 .debug_abbrev  0x000011e1      0x13b c:/winavr-20100110/bin/../lib/gcc/avr/4.3.3/avr5\libgcc.a(_fpcmp_parts_sf.o)
 .debug_abbrev  0x0000131c       0x6a c:/winavr-20100110/bin/../lib/gcc/avr/4.3.3/avr5\libgcc.a(_clz.o)

.debug_line     0x00000000     0x11d6
 *(.debug_line)
 .debug_line    0x00000000       0xa7 c:/winavr-20100110/bin/../lib/gcc/avr/4.3.3/avr5\libgcc.a(_fixunssfsi.o)
 .debug_line    0x000000a7      0x2af c:/winavr-20100110/bin/../lib/gcc/avr/4.3.3/avr5\libgcc.a(_addsub_sf.o)
 .debug_line    0x00000356      0x239 c:/winavr-20100110/bin/../lib/gcc/avr/4.3.3/avr5\libgcc.a(_mul_sf.o)
 .debug_line    0x0000058f      0x1d5 c:/winavr-20100110/bin/../lib/gcc/avr/4.3.3/avr5\libgcc.a(_div_sf.o)
 .debug_line    0x00000764       0xd3 c:/winavr-20100110/bin/../lib/gcc/avr/4.3.3/avr5\libgcc.a(_gt_sf.o)
 .debug_line    0x00000837       0xd3 c:/winavr-20100110/bin/../lib/gcc/avr/4.3.3/avr5\libgcc.a(_ge_sf.o)
 .debug_line    0x0000090a       0xd3 c:/winavr-20100110/bin/../lib/gcc/avr/4.3.3/avr5\libgcc.a(_lt_sf.o)
 .debug_line    0x000009dd      0x109 c:/winavr-20100110/bin/../lib/gcc/avr/4.3.3/avr5\libgcc.a(_sf_to_si.o)
 .debug_line    0x00000ae6       0x90 c:/winavr-20100110/bin/../lib/gcc/avr/4.3.3/avr5\libgcc.a(_thenan_sf.o)
 .debug_line    0x00000b76      0x133 c:/winavr-20100110/bin/../lib/gcc/avr/4.3.3/avr5\libgcc.a(_usi_to_sf.o)
 .debug_line    0x00000ca9       0xa5 c:/winavr-20100110/bin/../lib/gcc/avr/4.3.3/avr5\libgcc.a(_clzsi2.o)
 .debug_line    0x00000d4e      0x18a c:/winavr-20100110/bin/../lib/gcc/avr/4.3.3/avr5\libgcc.a(_pack_sf.o)
 .debug_line    0x00000ed8      0x14b c:/winavr-20100110/bin/../lib/gcc/avr/4.3.3/avr5\libgcc.a(_unpack_sf.o)
 .debug_line    0x00001023      0x137 c:/winavr-20100110/bin/../lib/gcc/avr/4.3.3/avr5\libgcc.a(_fpcmp_parts_sf.o)
 .debug_line    0x0000115a       0x7c c:/winavr-20100110/bin/../lib/gcc/avr/4.3.3/avr5\libgcc.a(_clz.o)

.debug_frame    0x00000000      0x1c0
 *(.debug_frame)
 .debug_frame   0x00000000       0x20 c:/winavr-20100110/bin/../lib/gcc/avr/4.3.3/avr5\libgcc.a(_fixunssfsi.o)
 .debug_frame   0x00000020       0x40 c:/winavr-20100110/bin/../lib/gcc/avr/4.3.3/avr5\libgcc.a(_addsub_sf.o)
 .debug_frame   0x00000060       0x20 c:/winavr-20100110/bin/../lib/gcc/avr/4.3.3/avr5\libgcc.a(_mul_sf.o)
 .debug_frame   0x00000080       0x20 c:/winavr-20100110/bin/../lib/gcc/avr/4.3.3/avr5\libgcc.a(_div_sf.o)
 .debug_frame   0x000000a0       0x20 c:/winavr-20100110/bin/../lib/gcc/avr/4.3.3/avr5\libgcc.a(_gt_sf.o)
 .debug_frame   0x000000c0       0x20 c:/winavr-20100110/bin/../lib/gcc/avr/4.3.3/avr5\libgcc.a(_ge_sf.o)
 .debug_frame   0x000000e0       0x20 c:/winavr-20100110/bin/../lib/gcc/avr/4.3.3/avr5\libgcc.a(_lt_sf.o)
 .debug_frame   0x00000100       0x20 c:/winavr-20100110/bin/../lib/gcc/avr/4.3.3/avr5\libgcc.a(_sf_to_si.o)
 .debug_frame   0x00000120       0x20 c:/winavr-20100110/bin/../lib/gcc/avr/4.3.3/avr5\libgcc.a(_usi_to_sf.o)
 .debug_frame   0x00000140       0x20 c:/winavr-20100110/bin/../lib/gcc/avr/4.3.3/avr5\libgcc.a(_clzsi2.o)
 .debug_frame   0x00000160       0x20 c:/winavr-20100110/bin/../lib/gcc/avr/4.3.3/avr5\libgcc.a(_pack_sf.o)
 .debug_frame   0x00000180       0x20 c:/winavr-20100110/bin/../lib/gcc/avr/4.3.3/avr5\libgcc.a(_unpack_sf.o)
 .debug_frame   0x000001a0       0x20 c:/winavr-20100110/bin/../lib/gcc/avr/4.3.3/avr5\libgcc.a(_fpcmp_parts_sf.o)

.debug_str      0x00000000      0x2f6
 *(.debug_str)
 .debug_str     0x00000000       0xbf c:/winavr-20100110/bin/../lib/gcc/avr/4.3.3/avr5\libgcc.a(_fixunssfsi.o)
                                 0xfe (size before relaxing)
 .debug_str     0x000000bf      0x14d c:/winavr-20100110/bin/../lib/gcc/avr/4.3.3/avr5\libgcc.a(_addsub_sf.o)
                                0x206 (size before relaxing)
 .debug_str     0x0000020c       0x27 c:/winavr-20100110/bin/../lib/gcc/avr/4.3.3/avr5\libgcc.a(_mul_sf.o)
                                0x1bf (size before relaxing)
 .debug_str     0x00000233       0x35 c:/winavr-20100110/bin/../lib/gcc/avr/4.3.3/avr5\libgcc.a(_div_sf.o)
                                0x1c8 (size before relaxing)
 .debug_str     0x00000268        0x8 c:/winavr-20100110/bin/../lib/gcc/avr/4.3.3/avr5\libgcc.a(_gt_sf.o)
                                0x195 (size before relaxing)
 .debug_str     0x00000270        0x8 c:/winavr-20100110/bin/../lib/gcc/avr/4.3.3/avr5\libgcc.a(_ge_sf.o)
                                0x195 (size before relaxing)
 .debug_str     0x00000278        0x8 c:/winavr-20100110/bin/../lib/gcc/avr/4.3.3/avr5\libgcc.a(_lt_sf.o)
                                0x195 (size before relaxing)
 .debug_str     0x00000280        0xa c:/winavr-20100110/bin/../lib/gcc/avr/4.3.3/avr5\libgcc.a(_sf_to_si.o)
                                0x19e (size before relaxing)
 .debug_str     0x00000000      0x103 c:/winavr-20100110/bin/../lib/gcc/avr/4.3.3/avr5\libgcc.a(_thenan_sf.o)
 .debug_str     0x0000028a       0x21 c:/winavr-20100110/bin/../lib/gcc/avr/4.3.3/avr5\libgcc.a(_usi_to_sf.o)
                                0x177 (size before relaxing)
 .debug_str     0x000002ab       0x20 c:/winavr-20100110/bin/../lib/gcc/avr/4.3.3/avr5\libgcc.a(_clzsi2.o)
                                0x111 (size before relaxing)
 .debug_str     0x000002cb       0x10 c:/winavr-20100110/bin/../lib/gcc/avr/4.3.3/avr5\libgcc.a(_pack_sf.o)
                                0x19d (size before relaxing)
 .debug_str     0x000002db        0xb c:/winavr-20100110/bin/../lib/gcc/avr/4.3.3/avr5\libgcc.a(_unpack_sf.o)
                                0x17f (size before relaxing)
 .debug_str     0x000002e6       0x10 c:/winavr-20100110/bin/../lib/gcc/avr/4.3.3/avr5\libgcc.a(_fpcmp_parts_sf.o)
                                0x163 (size before relaxing)
 .debug_str     0x00000000       0xf4 c:/winavr-20100110/bin/../lib/gcc/avr/4.3.3/avr5\libgcc.a(_clz.o)

.debug_loc      0x00000000      0x96e
 *(.debug_loc)
 .debug_loc     0x00000000       0x34 c:/winavr-20100110/bin/../lib/gcc/avr/4.3.3/avr5\libgcc.a(_fixunssfsi.o)
 .debug_loc     0x00000034      0x32a c:/winavr-20100110/bin/../lib/gcc/avr/4.3.3/avr5\libgcc.a(_addsub_sf.o)
 .debug_loc     0x0000035e      0x104 c:/winavr-20100110/bin/../lib/gcc/avr/4.3.3/avr5\libgcc.a(_mul_sf.o)
 .debug_loc     0x00000462       0xc0 c:/winavr-20100110/bin/../lib/gcc/avr/4.3.3/avr5\libgcc.a(_div_sf.o)
 .debug_loc     0x00000522       0x3c c:/winavr-20100110/bin/../lib/gcc/avr/4.3.3/avr5\libgcc.a(_gt_sf.o)
 .debug_loc     0x0000055e       0x3c c:/winavr-20100110/bin/../lib/gcc/avr/4.3.3/avr5\libgcc.a(_ge_sf.o)
 .debug_loc     0x0000059a       0x3c c:/winavr-20100110/bin/../lib/gcc/avr/4.3.3/avr5\libgcc.a(_lt_sf.o)
 .debug_loc     0x000005d6       0x7e c:/winavr-20100110/bin/../lib/gcc/avr/4.3.3/avr5\libgcc.a(_sf_to_si.o)
 .debug_loc     0x00000654       0x4c c:/winavr-20100110/bin/../lib/gcc/avr/4.3.3/avr5\libgcc.a(_usi_to_sf.o)
 .debug_loc     0x000006a0       0x94 c:/winavr-20100110/bin/../lib/gcc/avr/4.3.3/avr5\libgcc.a(_clzsi2.o)
 .debug_loc     0x00000734      0x13e c:/winavr-20100110/bin/../lib/gcc/avr/4.3.3/avr5\libgcc.a(_pack_sf.o)
 .debug_loc     0x00000872       0xac c:/winavr-20100110/bin/../lib/gcc/avr/4.3.3/avr5\libgcc.a(_unpack_sf.o)
 .debug_loc     0x0000091e       0x50 c:/winavr-20100110/bin/../lib/gcc/avr/4.3.3/avr5\libgcc.a(_fpcmp_parts_sf.o)

.debug_macinfo
 *(.debug_macinfo)
OUTPUT(Nti_R7.elf elf32-avr)
LOAD linker stubs

.debug_ranges   0x00000000       0x50
 .debug_ranges  0x00000000       0x50 c:/winavr-20100110/bin/../lib/gcc/avr/4.3.3/avr5\libgcc.a(_mul_sf.o)
